SQL> create table customers(customer_id int,sale_date date,sale_amount int, salesperson varchar(30),store_state varchar(30),order_id varchar(30));
create table customers(customer_id int,sale_date date,sale_amount int, salesperson varchar(30),store_state varchar(30),order_id varchar(30))
             *
ERROR at line 1:
ORA-00955: name is already used by an existing object 


SQL> insert into customers values(1001,'23-May-2020',1200,'Raj K','KA','1001');

1 row created.

SQL>  insert into customers values(1001,'22-May-2020',1200,'M K',NULL,'1002');

1 row created.

SQL>  insert into customer values(1002,'23-May-2020',1200,'Malika Rakesh','MH','1003');
 insert into customer values(1002,'23-May-2020',1200,'Malika Rakesh','MH','1003')
             *
ERROR at line 1:
ORA-00942: table or view does not exist 


SQL>  insert into customers values(1003,'22-May-2020',1500,'Malika Rakesh','MH','1004');

1 row created.

SQL>  insert into customers values(1004,'22-May-2020',1210,'M K',NULL,'1003');

1 row created.

SQL>  insert into customers values(1005,'12-Dec-2019',4200,'R K Rakesh','MH','1007');

1 row created.

SQL> insert into customers values(1002,'21-May-2020',1200,'Molly Samberg','DL','1001');

1 row created.

SQL> select * from customers;

CUSTOMER_ID SALE_DATE SALE_AMOUNT SALESPERSON          ST ORDE                  
----------- --------- ----------- -------------------- -- ----                  
       1001 23-MAY-20        1200 Raj K                KA 1001                  
       1001 22-MAY-20        1200 M K                     1002                  
       1001 23-MAY-20        1200 Raj K                KA 1001                  
       1001 22-MAY-20        1200 M K                     1002                  
       1003 22-MAY-20        1500 Malika Rakesh        MH 1004                  
       1004 22-MAY-20        1210 M K                     1003                  
       1005 12-DEC-19        4200 R K Rakesh           MH 1007                  
       1002 21-MAY-20        1200 Molly Samberg        DL 1001                  

8 rows selected.

SQL> update customers set store_state='NY' where store_state='DL';

1 row updated.

SQL> select * from customers;

CUSTOMER_ID SALE_DATE SALE_AMOUNT SALESPERSON          ST ORDE                  
----------- --------- ----------- -------------------- -- ----                  
       1001 23-MAY-20        1200 Raj K                KA 1001                  
       1001 22-MAY-20        1200 M K                     1002                  
       1001 23-MAY-20        1200 Raj K                KA 1001                  
       1001 22-MAY-20        1200 M K                     1002                  
       1003 22-MAY-20        1500 Malika Rakesh        MH 1004                  
       1004 22-MAY-20        1210 M K                     1003                  
       1005 12-DEC-19        4200 R K Rakesh           MH 1007                  
       1002 21-MAY-20        1200 Molly Samberg        NY 1001                  

8 rows selected.

SQL> delete from customers where customer_id='1003';

1 row deleted.

SQL>  select * from customers;

CUSTOMER_ID SALE_DATE SALE_AMOUNT SALESPERSON          ST ORDE                  
----------- --------- ----------- -------------------- -- ----                  
       1001 23-MAY-20        1200 Raj K                KA 1001                  
       1001 22-MAY-20        1200 M K                     1002                  
       1001 23-MAY-20        1200 Raj K                KA 1001                  
       1001 22-MAY-20        1200 M K                     1002                  
       1004 22-MAY-20        1210 M K                     1003                  
       1005 12-DEC-19        4200 R K Rakesh           MH 1007                  
       1002 21-MAY-20        1200 Molly Samberg        NY 1001                  

7 rows selected.

SQL> spool off
